
  [32m[1mVITE[22m v6.4.2[39m  [2mready in [0m[1m432[22m[2m[0m ms[22m

  [32mظئ£[39m  [1mLocal[22m:   [36mhttp://localhost:[1m5173[22m/[39m
  [32mظئ£[39m  [1mNetwork[22m: [36mhttp://192.168.1.206:[1m5173[22m/[39m
[2m█╣:█┤█┤:█╡█╕[22m [36m[1m[vite][22m[39m [90m[2m(client)[22m[39m [32mhmr update [39m[2m/src/components/settings/TreatmentSection.jsx, /src/index.css[22m
[2m█╣:█┤█╡:█░█▒[22m [36m[1m[vite][22m[39m [90m[2m(client)[22m[39m [32mhmr update [39m[2m/src/components/settings/TreatmentSection.jsx, /src/index.css[22m
[2m█╣:█┤█╡:█░█┤[22m [36m[1m[vite][22m[39m [90m[2m(client)[22m[39m [32mhmr update [39m[2m/src/components/settings/TreatmentSection.jsx, /src/index.css[22m
[2m█╣:█┤█╖:█░█╖[22m [36m[1m[vite][22m[39m [90m[2m(client)[22m[39m [32mhmr update [39m[2m/src/index.css[22m
[2m█╣:█┤█╖:█▒█▓[22m [36m[1m[vite][22m[39m [90m[2m(client)[22m[39m [32mpage reload [39m[2mtailwind.config.js[22m
[2m█╣:█┤█╖:█▒█╣[22m [36m[1m[vite][22m[39m [90m[2m(client)[22m[39m [32mpage reload [39m[2mtailwind.config.js[22m
[2m█╣:█┤█╖:█▓█╕[22m [36m[1m[vite][22m[39m [90m[2m(client)[22m[39m [32mhmr update [39m[2m/src/pages/Login.jsx, /src/index.css[22m
[2m█╣:█┤█╖:█│█▒[22m [36m[1m[vite][22m[39m [90m[2m(client)[22m[39m [32mhmr update [39m[2m/src/pages/Login.jsx, /src/index.css[22m
[2m█╣:█┤█╖:█│█╖[22m [36m[1m[vite][22m[39m [90m[2m(client)[22m[39m [32mhmr update [39m[2m/src/pages/Login.jsx, /src/index.css[22m
[2m█╣:█┤█╖:█┤█▒[22m [36m[1m[vite][22m[39m [90m[2m(client)[22m[39m [32mhmr update [39m[2m/src/pages/Login.jsx, /src/index.css[22m
[2m█╣:█┤█╖:█┤█╡[22m [36m[1m[vite][22m[39m [90m[2m(client)[22m[39m [32mhmr update [39m[2m/src/pages/ForgotPassword.jsx, /src/index.css[22m
[2m█╣:█┤█╖:█┤█╕[22m [36m[1m[vite][22m[39m [90m[2m(client)[22m[39m [32mhmr update [39m[2m/src/pages/ForgotPassword.jsx, /src/index.css[22m
[2m█╣:█┤█╖:█╡█▓[22m [36m[1m[vite][22m[39m [90m[2m(client)[22m[39m [32mhmr update [39m[2m/src/pages/ForgotPassword.jsx, /src/index.css[22m
[2m█╣:█┤█╖:█╡█╢[22m [36m[1m[vite][22m[39m [90m[2m(client)[22m[39m [32mhmr update [39m[2m/src/components/Layout.jsx, /src/index.css[22m
[2m█╣:█┤█╖:█╡█╣[22m [36m[1m[vite][22m[39m [90m[2m(client)[22m[39m [32mhmr update [39m[2m/src/components/Layout.jsx, /src/index.css[22m
[2m█╣:█┤█╕:█▒█╣[22m [36m[1m[vite][22m[39m [90m[2m(client)[22m[39m [32mhmr update [39m[2m/src/pages/Dashboard.jsx, /src/index.css[22m
[2m█╣:█┤█╕:█┤█╢[22m [36m[1m[vite][22m[39m [90m[2m(client)[22m[39m [32mhmr update [39m[2m/src/pages/Patients.jsx, /src/index.css[22m
[2m█╣:█┤█╕:█╡█░[22m [36m[1m[vite][22m[39m [90m[2m(client)[22m[39m [32mhmr update [39m[2m/src/pages/Patients.jsx, /src/index.css[22m
[2m█╣:█┤█╕:█╡█│[22m [36m[1m[vite][22m[39m [90m[2m(client)[22m[39m [32mhmr update [39m[2m/src/pages/PatientDetail.jsx, /src/index.css[22m
[2m█╣:█┤█╕:█╡█╡[22m [36m[1m[vite][22m[39m [90m[2m(client)[22m[39m [32mhmr update [39m[2m/src/pages/PatientDetail.jsx, /src/index.css[22m
[2m█╣:█┤█╣:█▒█▓[22m [36m[1m[vite][22m[39m [90m[2m(client)[22m[39m [32mhmr update [39m[2m/src/pages/Appointments.jsx, /src/index.css[22m
[2m█╣:█┤█╣:█▒█╡[22m [36m[1m[vite][22m[39m [90m[2m(client)[22m[39m [32mhmr update [39m[2m/src/pages/Appointments.jsx, /src/index.css[22m
[2m█╣:█┤█╣:█▒█╕[22m [36m[1m[vite][22m[39m [90m[2m(client)[22m[39m [32mhmr update [39m[2m/src/components/settings/SmsSection.jsx, /src/index.css[22m
[2m█╣:█┤█╣:█│█╖[22m [36m[1m[vite][22m[39m [90m[2m(client)[22m[39m [32mhmr update [39m[2m/src/components/PageHeader.jsx, /src/index.css[22m
[2m█╣:█┤█╣:█┤█╢[22m [36m[1m[vite][22m[39m [90m[2m(client)[22m[39m [32mhmr update [39m[2m/src/pages/ForgotPassword.jsx, /src/index.css[22m
[2m█╣:█╡█│:█░█╡[22m [36m[1m[vite][22m[39m [90m[2m(client)[22m[39m [32mhmr update [39m[2m/src/App.jsx, /src/index.css[22m
[2m█╣:█╡█│:█▒█│[22m [36m[1m[vite][22m[39m [90m[2m(client)[22m[39m [32mhmr update [39m[2m/src/index.css, /src/contexts/AuthContext.jsx, /src/components/Layout.jsx, /src/pages/Appointments.jsx, /src/pages/Dashboard.jsx, /src/pages/Login.jsx, /src/pages/Settings.jsx, /src/pages/AppointmentReport.jsx, /src/pages/WaitingList.jsx, /src/pages/DiagnosisReport.jsx, /src/pages/Notifications.jsx, /src/pages/Patients.jsx, /src/pages/Settlement.jsx, /src/pages/PatientDetail.jsx, /src/pages/ReferralLetters.jsx, /src/pages/Users.jsx, /src/pages/Billing.jsx, /src/pages/DoctorFinance.jsx, /src/pages/AppointmentsCalendar.jsx, /src/pages/Backup.jsx, /src/pages/BillingReport.jsx, /src/pages/DiagnosisDrugs.jsx, /src/pages/BulkSms.jsx, /src/pages/MedicalRecords.jsx, /src/pages/SmsHistory.jsx, /src/pages/SmsTemplates.jsx, /src/pages/PublicBooking.jsx, /src/pages/TmsForm.jsx, /src/pages/SupportInbox.jsx, /src/pages/DeletedItems.jsx, /src/pages/ForgotPassword.jsx, /src/components/CommandPalette.jsx, /src/components/SmsSendModal.jsx, /src/components/PatientSearchSelect.jsx, /src/components/settings/TreatmentSection.jsx, /src/components/settings/BackupSection.jsx, /src/components/settings/ProfileSection.jsx, /src/components/PaymentModal.jsx, /src/components/settings/ClinicSection.jsx, /src/components/settings/SmsSection.jsx[22m
[2m█╣:█╡█│:█▓█│[22m [36m[1m[vite][22m[39m [90m[2m(client)[22m[39m [32mhmr update [39m[2m/src/components/Layout.jsx, /src/index.css[22m
[2m█╣:█╡█│:█▓█╣[22m [36m[1m[vite][22m[39m [90m[2m(client)[22m[39m [32mhmr update [39m[2m/src/components/Layout.jsx, /src/index.css[22m
[2m█╣:█╡█│:█│█│[22m [36m[1m[vite][22m[39m [90m[2m(client)[22m[39m [32mhmr update [39m[2m/src/components/Layout.jsx, /src/index.css[22m
[2m█╣:█╡█┤:█▓█░[22m [36m[1m[vite][22m[39m [90m[2m(client)[22m[39m [32mhmr update [39m[2m/src/pages/Login.jsx, /src/index.css[22m
[2m█╣:█╡█┤:█▓█▒[22m [36m[1m[vite][22m[39m [90m[2m(client)[22m[39m [32mhmr update [39m[2m/src/pages/Login.jsx, /src/index.css[22m
[2m█╣:█╡█┤:█▓█▓[22m [36m[1m[vite][22m[39m [90m[2m(client)[22m[39m [32mhmr update [39m[2m/src/pages/Login.jsx, /src/index.css[22m
[2m█╣:█╡█┤:█▓█╡[22m [36m[1m[vite][22m[39m [90m[2m(client)[22m[39m [32mhmr update [39m[2m/src/pages/Patients.jsx, /src/index.css[22m
[2m█╣:█╡█┤:█▓█╢[22m [36m[1m[vite][22m[39m [90m[2m(client)[22m[39m [32mhmr update [39m[2m/src/pages/Patients.jsx, /src/index.css[22m
[2m█╣:█╡█┤:█▓█╢[22m [36m[1m[vite][22m[39m [90m[2m(client)[22m[39m [32mhmr update [39m[2m/src/pages/Patients.jsx, /src/index.css[22m
[2m█╣:█╡█┤:█▓█╖[22m [36m[1m[vite][22m[39m [90m[2m(client)[22m[39m [32mhmr update [39m[2m/src/pages/Patients.jsx, /src/index.css[22m
[2m█╣:█╡█┤:█│█░[22m [36m[1m[vite][22m[39m [90m[2m(client)[22m[39m [32mhmr update [39m[2m/src/pages/Appointments.jsx, /src/index.css[22m
[2m█╣:█╡█┤:█│█▒[22m [36m[1m[vite][22m[39m [90m[2m(client)[22m[39m [32mhmr update [39m[2m/src/pages/Appointments.jsx, /src/index.css[22m
[2m█╣:█╡█┤:█│█│[22m [36m[1m[vite][22m[39m [90m[2m(client)[22m[39m [32mhmr update [39m[2m/src/pages/Appointments.jsx, /src/index.css[22m
[2m█╣:█╡█┤:█│█┤[22m [36m[1m[vite][22m[39m [90m[2m(client)[22m[39m [32mhmr update [39m[2m/src/pages/Appointments.jsx, /src/index.css[22m
[2m█╣:█╡█┤:█│█┤[22m [36m[1m[vite][22m[39m [90m[2m(client)[22m[39m [32mhmr update [39m[2m/src/pages/Appointments.jsx, /src/index.css[22m
[2m█╣:█╡█┤:█│█╖[22m [36m[1m[vite][22m[39m [90m[2m(client)[22m[39m [32mhmr update [39m[2m/src/pages/MedicalRecords.jsx, /src/index.css[22m
[2m█╣:█╡█┤:█│█╣[22m [36m[1m[vite][22m[39m [90m[2m(client)[22m[39m [32mhmr update [39m[2m/src/pages/MedicalRecords.jsx, /src/index.css[22m
[2m█╣:█╡█┤:█│█╣[22m [36m[1m[vite][22m[39m [90m[2m(client)[22m[39m [32mhmr update [39m[2m/src/pages/MedicalRecords.jsx, /src/index.css[22m
[2m█╣:█╡█┤:█┤█▓[22m [36m[1m[vite][22m[39m [90m[2m(client)[22m[39m [32mhmr update [39m[2m/src/pages/Billing.jsx, /src/index.css[22m
[2m█╣:█╡█┤:█┤█┤[22m [36m[1m[vite][22m[39m [90m[2m(client)[22m[39m [32mhmr update [39m[2m/src/pages/Billing.jsx, /src/index.css[22m
[2m█╣:█╡█┤:█┤█┤[22m [36m[1m[vite][22m[39m [90m[2m(client)[22m[39m [32mhmr update [39m[2m/src/pages/Billing.jsx, /src/index.css[22m
[2m█╣:█╡█┤:█┤█╖[22m [36m[1m[vite][22m[39m [90m[2m(client)[22m[39m [32mhmr update [39m[2m/src/pages/PatientDetail.jsx, /src/index.css[22m
[2m█╣:█╡█┤:█┤█╕[22m [36m[1m[vite][22m[39m [90m[2m(client)[22m[39m [32mhmr update [39m[2m/src/pages/PatientDetail.jsx, /src/index.css[22m
[2m█╣:█╡█┤:█╡█▒[22m [36m[1m[vite][22m[39m [90m[2m(client)[22m[39m [32mhmr update [39m[2m/src/pages/Users.jsx, /src/index.css[22m
[2m█╣:█╡█┤:█╡█▓[22m [36m[1m[vite][22m[39m [90m[2m(client)[22m[39m [32mhmr update [39m[2m/src/pages/Users.jsx, /src/index.css[22m
[2m█╣:█╡█┤:█╡█│[22m [36m[1m[vite][22m[39m [90m[2m(client)[22m[39m [32mhmr update [39m[2m/src/pages/Users.jsx, /src/index.css[22m
[2m█╣:█╡█┤:█╡█│[22m [36m[1m[vite][22m[39m [90m[2m(client)[22m[39m [32mhmr update [39m[2m/src/pages/Users.jsx, /src/index.css[22m
[2m█╣:█╡█┤:█╡█╢[22m [36m[1m[vite][22m[39m [90m[2m(client)[22m[39m [32mhmr update [39m[2m/src/pages/Settlement.jsx, /src/index.css[22m
[2m█╣:█╡█┤:█╡█╖[22m [36m[1m[vite][22m[39m [90m[2m(client)[22m[39m [32mhmr update [39m[2m/src/pages/Settlement.jsx, /src/index.css[22m
[2m█╣:█╡█┤:█╡█╕[22m [36m[1m[vite][22m[39m [90m[2m(client)[22m[39m [32mhmr update [39m[2m/src/pages/Settlement.jsx, /src/index.css[22m
[2m█╣:█╡█╡:█░█▒[22m [36m[1m[vite][22m[39m [90m[2m(client)[22m[39m [32mhmr update [39m[2m/src/pages/WaitingList.jsx, /src/index.css[22m
[2m█╣:█╡█╡:█░█▓[22m [36m[1m[vite][22m[39m [90m[2m(client)[22m[39m [32mhmr update [39m[2m/src/pages/WaitingList.jsx, /src/index.css[22m
[2m█╣:█╡█╡:█░█▓[22m [36m[1m[vite][22m[39m [90m[2m(client)[22m[39m [32mhmr update [39m[2m/src/pages/WaitingList.jsx, /src/index.css[22m
[2m█╣:█╡█╡:█░█│[22m [36m[1m[vite][22m[39m [90m[2m(client)[22m[39m [32mhmr update [39m[2m/src/pages/WaitingList.jsx, /src/index.css[22m
[2m█╣:█╡█╡:█░█╢[22m [36m[1m[vite][22m[39m [90m[2m(client)[22m[39m [32mhmr update [39m[2m/src/pages/TmsForm.jsx, /src/index.css[22m
[2m█╣:█╡█╡:█░█╖[22m [36m[1m[vite][22m[39m [90m[2m(client)[22m[39m [32mhmr update [39m[2m/src/pages/TmsForm.jsx, /src/index.css[22m
[2m█╣:█╡█╡:█░█╖[22m [36m[1m[vite][22m[39m [90m[2m(client)[22m[39m [32mhmr update [39m[2m/src/pages/TmsForm.jsx, /src/index.css[22m
[2m█╣:█╡█╡:█░█╕[22m [36m[1m[vite][22m[39m [90m[2m(client)[22m[39m [32mhmr update [39m[2m/src/pages/TmsForm.jsx, /src/index.css[22m
[2m█╣:█╡█╡:█░█╕[22m [36m[1m[vite][22m[39m [90m[2m(client)[22m[39m [32mhmr update [39m[2m/src/pages/TmsForm.jsx, /src/index.css[22m
[2m█╣:█╡█╡:█░█╣[22m [36m[1m[vite][22m[39m [90m[2m(client)[22m[39m [32mhmr update [39m[2m/src/pages/TmsForm.jsx, /src/index.css[22m
[2m█╣:█╡█╡:█▒█░[22m [36m[1m[vite][22m[39m [90m[2m(client)[22m[39m [32mhmr update [39m[2m/src/pages/TmsForm.jsx, /src/index.css[22m
[2m█╣:█╡█╡:█▒█▒[22m [36m[1m[vite][22m[39m [90m[2m(client)[22m[39m [32mhmr update [39m[2m/src/pages/TmsForm.jsx, /src/index.css[22m
[2m█╣:█╡█╡:█▒█┤[22m [36m[1m[vite][22m[39m [90m[2m(client)[22m[39m [32mhmr update [39m[2m/src/pages/Backup.jsx, /src/index.css[22m
[2m█╣:█╡█╡:█▒█╡[22m [36m[1m[vite][22m[39m [90m[2m(client)[22m[39m [32mhmr update [39m[2m/src/pages/Backup.jsx, /src/index.css[22m
[2m█╣:█╡█╡:█▒█╢[22m [36m[1m[vite][22m[39m [90m[2m(client)[22m[39m [32mhmr update [39m[2m/src/pages/Backup.jsx, /src/index.css[22m
[2m█╣:█╡█╡:█▒█╢[22m [36m[1m[vite][22m[39m [90m[2m(client)[22m[39m [32mhmr update [39m[2m/src/pages/Backup.jsx, /src/index.css[22m
[2m█╣:█╡█╡:█▒█╖[22m [36m[1m[vite][22m[39m [90m[2m(client)[22m[39m [32mhmr update [39m[2m/src/pages/Backup.jsx, /src/index.css[22m
[2m█╣:█╡█╡:█▒█╕[22m [36m[1m[vite][22m[39m [90m[2m(client)[22m[39m [32mhmr update [39m[2m/src/pages/Backup.jsx, /src/index.css[22m
[2m█╣:█╡█╡:█▒█╣[22m [36m[1m[vite][22m[39m [90m[2m(client)[22m[39m [32mhmr update [39m[2m/src/pages/Backup.jsx, /src/index.css[22m
[2m█╣:█╡█╡:█▓█░[22m [36m[1m[vite][22m[39m [90m[2m(client)[22m[39m [32mhmr update [39m[2m/src/pages/Backup.jsx, /src/index.css[22m
[2m█╣:█╡█╡:█▓█▒[22m [36m[1m[vite][22m[39m [90m[2m(client)[22m[39m [32mhmr update [39m[2m/src/pages/Backup.jsx, /src/index.css[22m
[2m█╣:█╡█╡:█▓█▓[22m [36m[1m[vite][22m[39m [90m[2m(client)[22m[39m [32mhmr update [39m[2m/src/pages/Backup.jsx, /src/index.css[22m
[2m█╣:█╡█╡:█▓█╣[22m [36m[1m[vite][22m[39m [90m[2m(client)[22m[39m [32mhmr update [39m[2m/src/pages/Backup.jsx, /src/index.css[22m
[2m█╣:█╡█╡:█│█▓[22m [36m[1m[vite][22m[39m [90m[2m(client)[22m[39m [32mhmr update [39m[2m/src/pages/ReferralLetters.jsx, /src/index.css[22m
[2m█╣:█╡█╡:█│█│[22m [36m[1m[vite][22m[39m [90m[2m(client)[22m[39m [32mhmr update [39m[2m/src/pages/ReferralLetters.jsx, /src/index.css[22m
[2m█╣:█╡█╡:█│█│[22m [36m[1m[vite][22m[39m [90m[2m(client)[22m[39m [32mhmr update [39m[2m/src/pages/ReferralLetters.jsx, /src/index.css[22m
[2m█╣:█╡█╡:█│█┤[22m [36m[1m[vite][22m[39m [90m[2m(client)[22m[39m [32mhmr update [39m[2m/src/pages/ReferralLetters.jsx, /src/index.css[22m
[2m█╣:█╡█╡:█│█╡[22m [36m[1m[vite][22m[39m [90m[2m(client)[22m[39m [32mhmr update [39m[2m/src/pages/ReferralLetters.jsx, /src/index.css[22m
[2m█╣:█╡█╡:█│█╡[22m [36m[1m[vite][22m[39m [90m[2m(client)[22m[39m [32mhmr update [39m[2m/src/pages/ReferralLetters.jsx, /src/index.css[22m
[2m█╣:█╡█╡:█│█╕[22m [36m[1m[vite][22m[39m [90m[2m(client)[22m[39m [32mhmr update [39m[2m/src/pages/DeletedItems.jsx, /src/index.css[22m
[2m█╣:█╡█╡:█│█╣[22m [36m[1m[vite][22m[39m [90m[2m(client)[22m[39m [32mhmr update [39m[2m/src/pages/DeletedItems.jsx, /src/index.css[22m
[2m█╣:█╡█╡:█┤█░[22m [36m[1m[vite][22m[39m [90m[2m(client)[22m[39m [32mhmr update [39m[2m/src/pages/DeletedItems.jsx, /src/index.css[22m
[2m█╣:█╡█╡:█┤█▒[22m [36m[1m[vite][22m[39m [90m[2m(client)[22m[39m [32mhmr update [39m[2m/src/pages/DeletedItems.jsx, /src/index.css[22m
[2m█╣:█╡█╡:█┤█▓[22m [36m[1m[vite][22m[39m [90m[2m(client)[22m[39m [32mhmr update [39m[2m/src/pages/DeletedItems.jsx, /src/index.css[22m
[2m█╣:█╡█╡:█┤█╡[22m [36m[1m[vite][22m[39m [90m[2m(client)[22m[39m [32mhmr update [39m[2m/src/pages/ForgotPassword.jsx, /src/index.css[22m
[2m█╣:█╡█╡:█┤█╢[22m [36m[1m[vite][22m[39m [90m[2m(client)[22m[39m [32mhmr update [39m[2m/src/pages/ForgotPassword.jsx, /src/index.css[22m
[2m█╣:█╡█╡:█┤█╖[22m [36m[1m[vite][22m[39m [90m[2m(client)[22m[39m [32mhmr update [39m[2m/src/pages/ForgotPassword.jsx, /src/index.css[22m
[2m█╣:█╡█╡:█┤█╕[22m [36m[1m[vite][22m[39m [90m[2m(client)[22m[39m [32mhmr update [39m[2m/src/pages/ForgotPassword.jsx, /src/index.css[22m
[2m█╣:█╡█╡:█┤█╕[22m [36m[1m[vite][22m[39m [90m[2m(client)[22m[39m [32mhmr update [39m[2m/src/pages/ForgotPassword.jsx, /src/index.css[22m
[2m█╣:█╡█╡:█┤█╣[22m [36m[1m[vite][22m[39m [90m[2m(client)[22m[39m [32mhmr update [39m[2m/src/pages/ForgotPassword.jsx, /src/index.css[22m
[2m█╣:█╡█╡:█╡█░[22m [36m[1m[vite][22m[39m [90m[2m(client)[22m[39m [32mhmr update [39m[2m/src/pages/ForgotPassword.jsx, /src/index.css[22m
[2m█╣:█╡█╡:█╡█┤[22m [36m[1m[vite][22m[39m [90m[2m(client)[22m[39m [32mhmr update [39m[2m/src/components/settings/ClinicSection.jsx, /src/index.css[22m
[2m█╣:█╡█╡:█╡█┤[22m [36m[1m[vite][22m[39m [90m[2m(client)[22m[39m [32mhmr update [39m[2m/src/components/settings/ClinicSection.jsx, /src/index.css[22m
[2m█╣:█╡█╡:█╡█╡[22m [36m[1m[vite][22m[39m [90m[2m(client)[22m[39m [32mhmr update [39m[2m/src/components/settings/ClinicSection.jsx, /src/index.css[22m
[2m█╣:█╡█╡:█╡█╢[22m [36m[1m[vite][22m[39m [90m[2m(client)[22m[39m [32mhmr update [39m[2m/src/components/settings/ClinicSection.jsx, /src/index.css[22m
[2m█╣:█╡█╡:█╡█╣[22m [36m[1m[vite][22m[39m [90m[2m(client)[22m[39m [32mhmr update [39m[2m/src/components/settings/ProfileSection.jsx, /src/index.css[22m
[2m█╣:█╡█╢:█░█░[22m [36m[1m[vite][22m[39m [90m[2m(client)[22m[39m [32mhmr update [39m[2m/src/components/settings/ProfileSection.jsx, /src/index.css[22m
[2m█╣:█╡█╢:█░█│[22m [36m[1m[vite][22m[39m [90m[2m(client)[22m[39m [32mhmr update [39m[2m/src/components/settings/BackupSection.jsx, /src/index.css[22m
[2m█╣:█╡█╢:█░█┤[22m [36m[1m[vite][22m[39m [90m[2m(client)[22m[39m [32mhmr update [39m[2m/src/components/settings/BackupSection.jsx, /src/index.css[22m
[2m█╣:█╡█╢:█░█╡[22m [36m[1m[vite][22m[39m [90m[2m(client)[22m[39m [32mhmr update [39m[2m/src/components/settings/BackupSection.jsx, /src/index.css[22m
[2m█╣:█╡█╢:█░█╢[22m [36m[1m[vite][22m[39m [90m[2m(client)[22m[39m [32mhmr update [39m[2m/src/components/settings/BackupSection.jsx, /src/index.css[22m
[2m█╣:█╡█╢:█▒█░[22m [36m[1m[vite][22m[39m [90m[2m(client)[22m[39m [32mhmr update [39m[2m/src/components/settings/SmsSection.jsx, /src/index.css[22m
[2m█╣:█╡█╢:█▒█▒[22m [36m[1m[vite][22m[39m [90m[2m(client)[22m[39m [32mhmr update [39m[2m/src/components/settings/SmsSection.jsx, /src/index.css[22m
[2m█╣:█╡█╢:█▒█▒[22m [36m[1m[vite][22m[39m [90m[2m(client)[22m[39m [32mhmr update [39m[2m/src/components/settings/SmsSection.jsx, /src/index.css[22m
[2m█╣:█╡█╢:█▒█╡[22m [36m[1m[vite][22m[39m [90m[2m(client)[22m[39m [32mhmr update [39m[2m/src/components/settings/TreatmentSection.jsx, /src/index.css[22m
[2m█╣:█╡█╢:█▒█╢[22m [36m[1m[vite][22m[39m [90m[2m(client)[22m[39m [32mhmr update [39m[2m/src/components/settings/TreatmentSection.jsx, /src/index.css[22m
[2m█╣:█╡█╢:█▒█╖[22m [36m[1m[vite][22m[39m [90m[2m(client)[22m[39m [32mhmr update [39m[2m/src/pages/DiagnosisDrugs.jsx, /src/index.css[22m
[2m█╣:█╡█╢:█▒█╕[22m [36m[1m[vite][22m[39m [90m[2m(client)[22m[39m [32mhmr update [39m[2m/src/pages/DiagnosisDrugs.jsx, /src/index.css[22m
[2m█╣:█╡█╢:█▒█╣[22m [36m[1m[vite][22m[39m [90m[2m(client)[22m[39m [32mhmr update [39m[2m/src/pages/DiagnosisDrugs.jsx, /src/index.css[22m
[2m█╣:█╡█╢:█▓█░[22m [36m[1m[vite][22m[39m [90m[2m(client)[22m[39m [32mhmr update [39m[2m/src/pages/SmsTemplates.jsx, /src/index.css[22m
[2m█╣:█╡█╢:█▓█░[22m [36m[1m[vite][22m[39m [90m[2m(client)[22m[39m [32mhmr update [39m[2m/src/pages/SmsTemplates.jsx, /src/index.css[22m
[2m█╣:█╡█╢:█▓█▒[22m [36m[1m[vite][22m[39m [90m[2m(client)[22m[39m [32mhmr update [39m[2m/src/pages/SmsTemplates.jsx, /src/index.css[22m
[2m█╣:█╡█╢:█▓█▓[22m [36m[1m[vite][22m[39m [90m[2m(client)[22m[39m [32mhmr update [39m[2m/src/pages/SmsTemplates.jsx, /src/index.css[22m
[2m█╣:█╡█╢:█▓█╡[22m [36m[1m[vite][22m[39m [90m[2m(client)[22m[39m [32mhmr update [39m[2m/src/pages/BulkSms.jsx, /src/index.css[22m
[2m█╣:█╡█╢:█▓█╢[22m [36m[1m[vite][22m[39m [90m[2m(client)[22m[39m [32mhmr update [39m[2m/src/pages/BulkSms.jsx, /src/index.css[22m
[2m█╣:█╡█╢:█▓█╖[22m [36m[1m[vite][22m[39m [90m[2m(client)[22m[39m [32mhmr update [39m[2m/src/pages/BulkSms.jsx, /src/index.css[22m
[2m█╣:█╡█╢:█▓█╕[22m [36m[1m[vite][22m[39m [90m[2m(client)[22m[39m [32mhmr update [39m[2m/src/pages/BulkSms.jsx, /src/index.css[22m
[2m█╣:█╡█╢:█▓█╕[22m [36m[1m[vite][22m[39m [90m[2m(client)[22m[39m [32mhmr update [39m[2m/src/pages/BulkSms.jsx, /src/index.css[22m
[2m█╣:█╡█╢:█▓█╣[22m [36m[1m[vite][22m[39m [90m[2m(client)[22m[39m [32mhmr update [39m[2m/src/pages/SupportInbox.jsx, /src/index.css[22m
[2m█╣:█╡█╢:█▓█╣[22m [36m[1m[vite][22m[39m [90m[2m(client)[22m[39m [32mhmr update [39m[2m/src/pages/SupportInbox.jsx, /src/index.css[22m
[2m█╣:█╡█╢:█│█░[22m [36m[1m[vite][22m[39m [90m[2m(client)[22m[39m [32mhmr update [39m[2m/src/pages/SupportInbox.jsx, /src/index.css[22m
[2m█╣:█╡█╢:█│█▒[22m [36m[1m[vite][22m[39m [90m[2m(client)[22m[39m [32mhmr update [39m[2m/src/pages/PublicBooking.jsx, /src/index.css[22m
[2m█╣:█╡█╢:█│█▓[22m [36m[1m[vite][22m[39m [90m[2m(client)[22m[39m [32mhmr update [39m[2m/src/components/PaymentModal.jsx, /src/index.css[22m
[2m█╣:█╡█╢:█│█╢[22m [36m[1m[vite][22m[39m [90m[2m(client)[22m[39m [32mhmr update [39m[2m/src/components/PaymentModal.jsx, /src/index.css[22m
[2m█╣:█╡█╢:█│█╖[22m [36m[1m[vite][22m[39m [90m[2m(client)[22m[39m [32mhmr update [39m[2m/src/components/PaymentModal.jsx, /src/index.css[22m
[2m█╣:█╡█╢:█│█╕[22m [36m[1m[vite][22m[39m [90m[2m(client)[22m[39m [32mhmr update [39m[2m/src/components/PaymentModal.jsx, /src/index.css[22m
[2m█╣:█╡█╢:█│█╕[22m [36m[1m[vite][22m[39m [90m[2m(client)[22m[39m [32mhmr update [39m[2m/src/components/SmsSendModal.jsx, /src/index.css[22m
[2m█╣:█╡█╢:█│█╣[22m [36m[1m[vite][22m[39m [90m[2m(client)[22m[39m [32mhmr update [39m[2m/src/components/Layout.jsx, /src/index.css[22m
[2m█╣:█╡█╢:█┤█░[22m [36m[1m[vite][22m[39m [90m[2m(client)[22m[39m [32mhmr update [39m[2m/src/components/Layout.jsx, /src/index.css[22m
[2m█╣:█╡█╢:█┤█░[22m [36m[1m[vite][22m[39m [90m[2m(client)[22m[39m [32mhmr update [39m[2m/src/components/Layout.jsx, /src/index.css[22m
[2m█╣:█╡█╢:█┤█▒[22m [36m[1m[vite][22m[39m [90m[2m(client)[22m[39m [32mhmr update [39m[2m/src/components/Layout.jsx, /src/index.css[22m
[2m█╣:█╡█╢:█┤█▒[22m [36m[1m[vite][22m[39m [90m[2m(client)[22m[39m [32mhmr update [39m[2m/src/components/Layout.jsx, /src/index.css[22m
[2m█╣:█╡█╢:█┤█▓[22m [36m[1m[vite][22m[39m [90m[2m(client)[22m[39m [32mhmr update [39m[2m/src/components/Layout.jsx, /src/index.css[22m
[2m█╣:█╡█╢:█┤█│[22m [36m[1m[vite][22m[39m [90m[2m(client)[22m[39m [32mhmr update [39m[2m/src/components/Layout.jsx, /src/index.css[22m
[2m█╣:█╡█╢:█┤█┤[22m [36m[1m[vite][22m[39m [90m[2m(client)[22m[39m [32mhmr update [39m[2m/src/components/Layout.jsx, /src/index.css[22m
[2m█╣:█╡█╢:█┤█┤[22m [36m[1m[vite][22m[39m [90m[2m(client)[22m[39m [32mhmr update [39m[2m/src/pages/DoctorFinance.jsx, /src/index.css[22m
[2m█╣:█╡█╖:█░█░[22m [36m[1m[vite][22m[39m [90m[2m(client)[22m[39m [32mhmr update [39m[2m/src/components/settings/ProfileSection.jsx, /src/index.css[22m
[2m█╣:█╡█╖:█▒█╡[22m [36m[1m[vite][22m[39m [90m[2m(client)[22m[39m [32mhmr update [39m[2m/src/pages/DiagnosisReport.jsx, /src/index.css[22m
[2m█╣:█╡█╖:█▒█╡[22m [36m[1m[vite][22m[39m [90m[2m(client)[22m[39m [32mhmr update [39m[2m/src/pages/BillingReport.jsx, /src/index.css[22m
[2m█╣:█╡█╖:█▒█╢[22m [36m[1m[vite][22m[39m [90m[2m(client)[22m[39m [32mhmr update [39m[2m/src/pages/AppointmentReport.jsx, /src/index.css[22m
[2m█╣:█╡█╖:█▒█╢[22m [36m[1m[vite][22m[39m [90m[2m(client)[22m[39m [32mhmr update [39m[2m/src/pages/AppointmentsCalendar.jsx, /src/index.css[22m
[2m█╣:█╡█╖:█▓█░[22m [36m[1m[vite][22m[39m [90m[2m(client)[22m[39m [32mhmr update [39m[2m/src/pages/SmsHistory.jsx, /src/index.css[22m
[2m█╣:█╡█╖:█┤█╡[22m [36m[1m[vite][22m[39m [90m[2m(client)[22m[39m [32mhmr update [39m[2m/src/pages/SmsTemplates.jsx, /src/index.css[22m
[2m█▒█░:█░█╡:█┤█▓[22m [36m[1m[vite][22m[39m [90m[2m(client)[22m[39m [32mhmr update [39m[2m/src/components/Modal.jsx, /src/index.css[22m
[2m█▒█░:█░█╡:█┤█╖[22m [36m[1m[vite][22m[39m [90m[2m(client)[22m[39m [32mhmr update [39m[2m/src/components/Layout.jsx, /src/index.css[22m
[2m█▒█░:█░█╡:█╡█┤[22m [36m[1m[vite][22m[39m [90m[2m(client)[22m[39m [32mhmr update [39m[2m/src/components/Layout.jsx, /src/index.css[22m
[2m█▒█░:█░█╡:█╡█╣[22m [36m[1m[vite][22m[39m [90m[2m(client)[22m[39m [32mhmr update [39m[2m/src/components/Layout.jsx, /src/index.css[22m
[2m█▒█░:█░█╢:█░█│[22m [36m[1m[vite][22m[39m [90m[2m(client)[22m[39m [32mhmr update [39m[2m/src/components/Layout.jsx, /src/index.css[22m
[2m█▒█░:█░█╢:█░█╢[22m [36m[1m[vite][22m[39m [90m[2m(client)[22m[39m [32mhmr update [39m[2m/src/components/Layout.jsx, /src/index.css[22m
[2m█▒█░:█░█╢:█▒█╢[22m [36m[1m[vite][22m[39m [90m[2m(client)[22m[39m [32mhmr update [39m[2m/src/components/Layout.jsx, /src/index.css[22m
[2m█▒█░:█░█╢:█│█▒[22m [36m[1m[vite][22m[39m [90m[2m(client)[22m[39m [32mhmr update [39m[2m/src/pages/Login.jsx, /src/index.css[22m
[2m█▒█░:█░█╢:█│█╕[22m [36m[1m[vite][22m[39m [90m[2m(client)[22m[39m [32mhmr update [39m[2m/src/pages/Billing.jsx, /src/index.css[22m
[2m█▒█░:█░█╢:█┤█│[22m [36m[1m[vite][22m[39m [90m[2m(client)[22m[39m [32mhmr update [39m[2m/src/pages/Billing.jsx, /src/index.css[22m
[2m█▒█░:█░█╢:█┤█╖[22m [36m[1m[vite][22m[39m [90m[2m(client)[22m[39m [32mhmr update [39m[2m/src/pages/Billing.jsx, /src/index.css[22m
[2m█▒█░:█░█╢:█╡█▒[22m [36m[1m[vite][22m[39m [90m[2m(client)[22m[39m [32mhmr update [39m[2m/src/App.jsx, /src/index.css[22m
[2m█▒█░:█░█╢:█╡█╡[22m [36m[1m[vite][22m[39m [90m[2m(client)[22m[39m [32mhmr update [39m[2m/src/App.jsx, /src/index.css[22m
[2m█▒█░:█░█╖:█▒█░[22m [36m[1m[vite][22m[39m [90m[2m(client)[22m[39m [32mhmr update [39m[2m/src/index.css, /src/components/Layout.jsx, /src/pages/Appointments.jsx, /src/pages/Dashboard.jsx, /src/pages/AppointmentReport.jsx, /src/pages/WaitingList.jsx, /src/pages/DiagnosisReport.jsx, /src/pages/Notifications.jsx, /src/pages/Patients.jsx, /src/pages/Settlement.jsx, /src/pages/PatientDetail.jsx, /src/pages/ReferralLetters.jsx, /src/pages/Users.jsx, /src/pages/Billing.jsx, /src/pages/DoctorFinance.jsx, /src/pages/AppointmentsCalendar.jsx, /src/pages/Backup.jsx, /src/pages/BillingReport.jsx, /src/pages/MedicalRecords.jsx, /src/pages/SmsHistory.jsx, /src/pages/TmsForm.jsx, /src/pages/SupportInbox.jsx, /src/pages/DeletedItems.jsx, /src/components/JalaliDateInput.jsx, /src/components/PaymentModal.jsx[22m
[2m█▒█░:█░█╕:█▒█╡[22m [36m[1m[vite][22m[39m [90m[2m(client)[22m[39m [32mpage reload [39m[2msrc/main.jsx[22m
[2m█▒█░:█░█╕:█▓█┤[22m [36m[1m[vite][22m[39m [90m[2m(client)[22m[39m [32mhmr update [39m[2m/src/pages/Dashboard.jsx, /src/index.css[22m
[2m█▒█░:█░█╕:█┤█┤[22m [36m[1m[vite][22m[39m [90m[2m(client)[22m[39m [32mhmr update [39m[2m/src/pages/Dashboard.jsx, /src/index.css[22m
[2m█▒█░:█░█╣:█░█╕[22m [36m[1m[vite][22m[39m [90m[2m(client)[22m[39m [32mhmr update [39m[2m/src/components/CommandPalette.jsx, /src/index.css[22m
[2m█▒█░:█░█╣:█┤█╕[22m [36m[1m[vite][22m[39m [90m[2m(client)[22m[39m [32mhmr update [39m[2m/src/components/JalaliDateInput.jsx, /src/index.css[22m
[2m█▒█░:█░█╣:█╡█▓[22m [36m[1m[vite][22m[39m [90m[2m(client)[22m[39m [32mhmr update [39m[2m/src/components/JalaliDateInput.jsx, /src/index.css[22m
[2m█▒█░:█▒█░:█░█▒[22m [36m[1m[vite][22m[39m [90m[2m(client)[22m[39m [32mhmr update [39m[2m/src/components/JalaliDateInput.jsx, /src/index.css[22m
[2m█▒█░:█▒█░:█▒█▒[22m [36m[1m[vite][22m[39m [90m[2m(client)[22m[39m [32mhmr update [39m[2m/src/components/Layout.jsx, /src/index.css[22m
[2m█▒█░:█▒█░:█▒█╡[22m [36m[1m[vite][22m[39m [90m[2m(client)[22m[39m [32mhmr update [39m[2m/src/components/Layout.jsx, /src/index.css[22m
[2m█▒█░:█▒█░:█▓█▒[22m [36m[1m[vite][22m[39m [90m[2m(client)[22m[39m [32mhmr update [39m[2m/src/components/Layout.jsx, /src/index.css[22m
[2m█▒█░:█▒█░:█▓█╡[22m [36m[1m[vite][22m[39m [90m[2m(client)[22m[39m [32mhmr update [39m[2m/src/components/Layout.jsx, /src/index.css[22m
[2m█▒█░:█▒█░:█│█░[22m [36m[1m[vite][22m[39m [90m[2m(client)[22m[39m [32mhmr update [39m[2m/src/components/Layout.jsx, /src/index.css[22m
[2m█▒█░:█▒█░:█│█┤[22m [36m[1m[vite][22m[39m [90m[2m(client)[22m[39m [32mhmr update [39m[2m/src/App.jsx, /src/index.css[22m
[2m█▒█░:█▒█░:█│█╕[22m [36m[1m[vite][22m[39m [90m[2m(client)[22m[39m [32mhmr update [39m[2m/src/App.jsx, /src/index.css[22m
[2m█▒█░:█▒█░:█┤█│[22m [36m[1m[vite][22m[39m [90m[2m(client)[22m[39m [32mhmr update [39m[2m/src/App.jsx, /src/index.css[22m
[2m█▒█░:█▒█░:█┤█╖[22m [36m[1m[vite][22m[39m [90m[2m(client)[22m[39m [32mhmr update [39m[2m/src/App.jsx, /src/index.css[22m
[2m█▒█░:█▒█░:█╡█▓[22m [36m[1m[vite][22m[39m [90m[2m(client)[22m[39m [32mhmr update [39m[2m/src/components/Layout.jsx, /src/index.css[22m
[2m█▒█░:█▒█▒:█░█░[22m [36m[1m[vite][22m[39m [90m[2m(client)[22m[39m [32mpage reload [39m[2mindex.html[22m
