{"timestamp": "2026-06-13T18:30:48.116753Z", "level": "DEBUG", "logger": "tzlocal", "message": "Looking up time zone info from registry"}
C:\Users\Nadia\Desktop\Dr new1\backend\venv\Lib\site-packages\django\db\backends\utils.py:98: RuntimeWarning: Accessing the database during app initialization is discouraged. To fix this warning, avoid executing queries in AppConfig.ready() or when your app modules are imported.
  warnings.warn(self.APPS_NOT_READY_WARNING_MSG, category=RuntimeWarning)
{"timestamp": "2026-06-13T18:30:48.147955Z", "level": "INFO", "logger": "apscheduler.scheduler", "message": "Adding job tentatively -- it will be properly scheduled when the scheduler starts"}
{"timestamp": "2026-06-13T18:30:48.148576Z", "level": "INFO", "logger": "apscheduler.scheduler", "message": "Added job \"run_backup\" to job store \"default\""}
{"timestamp": "2026-06-13T18:30:48.148733Z", "level": "INFO", "logger": "apscheduler.scheduler", "message": "Scheduler started"}
{"timestamp": "2026-06-13T18:30:48.150020Z", "level": "DEBUG", "logger": "apscheduler.scheduler", "message": "Looking for jobs to run"}
{"timestamp": "2026-06-13T18:30:48.150247Z", "level": "DEBUG", "logger": "apscheduler.scheduler", "message": "Next wakeup is due at 2026-06-14 03:00:00+03:30 (in 17951.849790 seconds)"}
{"timestamp": "2026-06-13T18:30:48.150473Z", "level": "INFO", "logger": "backup.scheduler", "message": "Scheduler started: daily backup at 03:00"}
{"timestamp": "2026-06-13T18:30:48.155590Z", "level": "INFO", "logger": "backup.scheduler", "message": "Email auto-send scheduler stopped"}
{"timestamp": "2026-06-13T18:30:50.394160Z", "level": "DEBUG", "logger": "tzlocal", "message": "Looking up time zone info from registry"}
C:\Users\Nadia\Desktop\Dr new1\backend\venv\Lib\site-packages\django\db\backends\utils.py:98: RuntimeWarning: Accessing the database during app initialization is discouraged. To fix this warning, avoid executing queries in AppConfig.ready() or when your app modules are imported.
  warnings.warn(self.APPS_NOT_READY_WARNING_MSG, category=RuntimeWarning)
{"timestamp": "2026-06-13T18:30:50.432319Z", "level": "INFO", "logger": "apscheduler.scheduler", "message": "Adding job tentatively -- it will be properly scheduled when the scheduler starts"}
{"timestamp": "2026-06-13T18:30:50.433007Z", "level": "INFO", "logger": "apscheduler.scheduler", "message": "Added job \"run_backup\" to job store \"default\""}
{"timestamp": "2026-06-13T18:30:50.433186Z", "level": "INFO", "logger": "apscheduler.scheduler", "message": "Scheduler started"}
{"timestamp": "2026-06-13T18:30:50.434561Z", "level": "DEBUG", "logger": "apscheduler.scheduler", "message": "Looking for jobs to run"}
{"timestamp": "2026-06-13T18:30:50.435237Z", "level": "DEBUG", "logger": "apscheduler.scheduler", "message": "Next wakeup is due at 2026-06-14 03:00:00+03:30 (in 17949.564833 seconds)"}
{"timestamp": "2026-06-13T18:30:50.434942Z", "level": "INFO", "logger": "backup.scheduler", "message": "Scheduler started: daily backup at 03:00"}
{"timestamp": "2026-06-13T18:30:50.442122Z", "level": "INFO", "logger": "backup.scheduler", "message": "Email auto-send scheduler stopped"}
Watching for file changes with StatReloader
{"timestamp": "2026-06-13T18:30:50.472523Z", "level": "INFO", "logger": "django.utils.autoreload", "message": "Watching for file changes with StatReloader"}
Performing system checks...

System check identified no issues (0 silenced).
June 13, 2026 - 22:00:51
Django version 6.0.6, using settings 'config.settings'
Starting development server at http://0.0.0.0:8000/
Quit the server with CTRL-BREAK.

WARNING: This is a development server. Do not use it in a production setting. Use a production WSGI or ASGI server instead.
For more information on production servers see: https://docs.djangoproject.com/en/6.0/howto/deployment/
{"timestamp": "2026-06-13T18:30:57.007414Z", "level": "INFO", "logger": "utils.middleware", "message": "GET /ws/appointments/ -> 200", "request_id": "17342a49", "user_id": null, "duration_ms": 8}
[13/Jun/2026 22:00:57] "GET /ws/appointments/?token=eyJhbGciOiJIUzI1NiIsInR5cCI6IkpXVCJ9.eyJ0b2tlbl90eXBlIjoiYWNjZXNzIiwiZXhwIjoxNzgxNDAyODI3LCJpYXQiOjE3ODEzNzQwMjcsImp0aSI6ImExMjAwZWEwODViMDRhNzA4MjY5MGRkOWYyYWJlN2I5IiwidXNlcl9pZCI6IjIifQ.YaN6SonA-2U9d-XzCZJEvRNMyXYZ7LX9nXF7QD9KB1Y HTTP/1.1" 200 1977
{"timestamp": "2026-06-13T18:31:03.009251Z", "level": "INFO", "logger": "utils.middleware", "message": "GET /ws/appointments/ -> 200", "request_id": "e52f4591", "user_id": null, "duration_ms": 1}
[13/Jun/2026 22:01:03] "GET /ws/appointments/?token=eyJhbGciOiJIUzI1NiIsInR5cCI6IkpXVCJ9.eyJ0b2tlbl90eXBlIjoiYWNjZXNzIiwiZXhwIjoxNzgxNDAyODI3LCJpYXQiOjE3ODEzNzQwMjcsImp0aSI6ImExMjAwZWEwODViMDRhNzA4MjY5MGRkOWYyYWJlN2I5IiwidXNlcl9pZCI6IjIifQ.YaN6SonA-2U9d-XzCZJEvRNMyXYZ7LX9nXF7QD9KB1Y HTTP/1.1" 200 1977
{"timestamp": "2026-06-13T18:31:04.168027Z", "level": "INFO", "logger": "utils.middleware", "message": "GET /api/dashboard/notifications/ -> 200", "request_id": "5d59ed6f", "user_id": 2, "duration_ms": 152}
[13/Jun/2026 22:01:04] "GET /api/dashboard/notifications/ HTTP/1.1" 200 5355
{"timestamp": "2026-06-13T18:31:09.001202Z", "level": "INFO", "logger": "utils.middleware", "message": "GET /ws/appointments/ -> 200", "request_id": "5fadb65d", "user_id": null, "duration_ms": 1}
[13/Jun/2026 22:01:09] "GET /ws/appointments/?token=eyJhbGciOiJIUzI1NiIsInR5cCI6IkpXVCJ9.eyJ0b2tlbl90eXBlIjoiYWNjZXNzIiwiZXhwIjoxNzgxNDAyODI3LCJpYXQiOjE3ODEzNzQwMjcsImp0aSI6ImExMjAwZWEwODViMDRhNzA4MjY5MGRkOWYyYWJlN2I5IiwidXNlcl9pZCI6IjIifQ.YaN6SonA-2U9d-XzCZJEvRNMyXYZ7LX9nXF7QD9KB1Y HTTP/1.1" 200 1977
{"timestamp": "2026-06-13T18:31:14.999842Z", "level": "INFO", "logger": "utils.middleware", "message": "GET /ws/appointments/ -> 200", "request_id": "bc07188b", "user_id": null, "duration_ms": 1}
[13/Jun/2026 22:01:15] "GET /ws/appointments/?token=eyJhbGciOiJIUzI1NiIsInR5cCI6IkpXVCJ9.eyJ0b2tlbl90eXBlIjoiYWNjZXNzIiwiZXhwIjoxNzgxNDAyODI3LCJpYXQiOjE3ODEzNzQwMjcsImp0aSI6ImExMjAwZWEwODViMDRhNzA4MjY5MGRkOWYyYWJlN2I5IiwidXNlcl9pZCI6IjIifQ.YaN6SonA-2U9d-XzCZJEvRNMyXYZ7LX9nXF7QD9KB1Y HTTP/1.1" 200 1977
{"timestamp": "2026-06-13T18:31:21.018372Z", "level": "INFO", "logger": "utils.middleware", "message": "GET /ws/appointments/ -> 200", "request_id": "c9b98a91", "user_id": null, "duration_ms": 0}
[13/Jun/2026 22:01:21] "GET /ws/appointments/?token=eyJhbGciOiJIUzI1NiIsInR5cCI6IkpXVCJ9.eyJ0b2tlbl90eXBlIjoiYWNjZXNzIiwiZXhwIjoxNzgxNDAyODI3LCJpYXQiOjE3ODEzNzQwMjcsImp0aSI6ImExMjAwZWEwODViMDRhNzA4MjY5MGRkOWYyYWJlN2I5IiwidXNlcl9pZCI6IjIifQ.YaN6SonA-2U9d-XzCZJEvRNMyXYZ7LX9nXF7QD9KB1Y HTTP/1.1" 200 1977
{"timestamp": "2026-06-13T18:31:25.698036Z", "level": "INFO", "logger": "utils.middleware", "message": "GET /api/billing/billings/report_pdf/ -> 200", "request_id": "27b225d0", "user_id": 1, "duration_ms": 464}
[13/Jun/2026 22:01:25] "GET /api/billing/billings/report_pdf/?period=monthly HTTP/1.1" 200 32710
{"timestamp": "2026-06-13T18:31:27.008000Z", "level": "INFO", "logger": "utils.middleware", "message": "GET /ws/appointments/ -> 200", "request_id": "916b2666", "user_id": null, "duration_ms": 0}
[13/Jun/2026 22:01:27] "GET /ws/appointments/?token=eyJhbGciOiJIUzI1NiIsInR5cCI6IkpXVCJ9.eyJ0b2tlbl90eXBlIjoiYWNjZXNzIiwiZXhwIjoxNzgxNDAyODI3LCJpYXQiOjE3ODEzNzQwMjcsImp0aSI6ImExMjAwZWEwODViMDRhNzA4MjY5MGRkOWYyYWJlN2I5IiwidXNlcl9pZCI6IjIifQ.YaN6SonA-2U9d-XzCZJEvRNMyXYZ7LX9nXF7QD9KB1Y HTTP/1.1" 200 1977
{"timestamp": "2026-06-13T18:31:33.022873Z", "level": "INFO", "logger": "utils.middleware", "message": "GET /ws/appointments/ -> 200", "request_id": "7754c96d", "user_id": null, "duration_ms": 0}
[13/Jun/2026 22:01:33] "GET /ws/appointments/?token=eyJhbGciOiJIUzI1NiIsInR5cCI6IkpXVCJ9.eyJ0b2tlbl90eXBlIjoiYWNjZXNzIiwiZXhwIjoxNzgxNDAyODI3LCJpYXQiOjE3ODEzNzQwMjcsImp0aSI6ImExMjAwZWEwODViMDRhNzA4MjY5MGRkOWYyYWJlN2I5IiwidXNlcl9pZCI6IjIifQ.YaN6SonA-2U9d-XzCZJEvRNMyXYZ7LX9nXF7QD9KB1Y HTTP/1.1" 200 1977
{"timestamp": "2026-06-13T18:31:34.037959Z", "level": "INFO", "logger": "utils.middleware", "message": "GET /api/dashboard/notifications/ -> 200", "request_id": "0c390ee3", "user_id": 2, "duration_ms": 30}
[13/Jun/2026 22:01:34] "GET /api/dashboard/notifications/ HTTP/1.1" 200 5355
{"timestamp": "2026-06-13T18:31:39.026945Z", "level": "INFO", "logger": "utils.middleware", "message": "GET /ws/appointments/ -> 200", "request_id": "66e4af6e", "user_id": null, "duration_ms": 0}
[13/Jun/2026 22:01:39] "GET /ws/appointments/?token=eyJhbGciOiJIUzI1NiIsInR5cCI6IkpXVCJ9.eyJ0b2tlbl90eXBlIjoiYWNjZXNzIiwiZXhwIjoxNzgxNDAyODI3LCJpYXQiOjE3ODEzNzQwMjcsImp0aSI6ImExMjAwZWEwODViMDRhNzA4MjY5MGRkOWYyYWJlN2I5IiwidXNlcl9pZCI6IjIifQ.YaN6SonA-2U9d-XzCZJEvRNMyXYZ7LX9nXF7QD9KB1Y HTTP/1.1" 200 1977
{"timestamp": "2026-06-13T18:31:45.027372Z", "level": "INFO", "logger": "utils.middleware", "message": "GET /ws/appointments/ -> 200", "request_id": "85507234", "user_id": null, "duration_ms": 1}
[13/Jun/2026 22:01:45] "GET /ws/appointments/?token=eyJhbGciOiJIUzI1NiIsInR5cCI6IkpXVCJ9.eyJ0b2tlbl90eXBlIjoiYWNjZXNzIiwiZXhwIjoxNzgxNDAyODI3LCJpYXQiOjE3ODEzNzQwMjcsImp0aSI6ImExMjAwZWEwODViMDRhNzA4MjY5MGRkOWYyYWJlN2I5IiwidXNlcl9pZCI6IjIifQ.YaN6SonA-2U9d-XzCZJEvRNMyXYZ7LX9nXF7QD9KB1Y HTTP/1.1" 200 1977
{"timestamp": "2026-06-13T18:31:51.030665Z", "level": "INFO", "logger": "utils.middleware", "message": "GET /ws/appointments/ -> 200", "request_id": "b3f92da7", "user_id": null, "duration_ms": 1}
[13/Jun/2026 22:01:51] "GET /ws/appointments/?token=eyJhbGciOiJIUzI1NiIsInR5cCI6IkpXVCJ9.eyJ0b2tlbl90eXBlIjoiYWNjZXNzIiwiZXhwIjoxNzgxNDAyODI3LCJpYXQiOjE3ODEzNzQwMjcsImp0aSI6ImExMjAwZWEwODViMDRhNzA4MjY5MGRkOWYyYWJlN2I5IiwidXNlcl9pZCI6IjIifQ.YaN6SonA-2U9d-XzCZJEvRNMyXYZ7LX9nXF7QD9KB1Y HTTP/1.1" 200 1977
{"timestamp": "2026-06-13T18:31:57.028499Z", "level": "INFO", "logger": "utils.middleware", "message": "GET /ws/appointments/ -> 200", "request_id": "b237792f", "user_id": null, "duration_ms": 0}
[13/Jun/2026 22:01:57] "GET /ws/appointments/?token=eyJhbGciOiJIUzI1NiIsInR5cCI6IkpXVCJ9.eyJ0b2tlbl90eXBlIjoiYWNjZXNzIiwiZXhwIjoxNzgxNDAyODI3LCJpYXQiOjE3ODEzNzQwMjcsImp0aSI6ImExMjAwZWEwODViMDRhNzA4MjY5MGRkOWYyYWJlN2I5IiwidXNlcl9pZCI6IjIifQ.YaN6SonA-2U9d-XzCZJEvRNMyXYZ7LX9nXF7QD9KB1Y HTTP/1.1" 200 1977
{"timestamp": "2026-06-13T18:32:03.033684Z", "level": "INFO", "logger": "utils.middleware", "message": "GET /ws/appointments/ -> 200", "request_id": "26262b15", "user_id": null, "duration_ms": 0}
[13/Jun/2026 22:02:03] "GET /ws/appointments/?token=eyJhbGciOiJIUzI1NiIsInR5cCI6IkpXVCJ9.eyJ0b2tlbl90eXBlIjoiYWNjZXNzIiwiZXhwIjoxNzgxNDAyODI3LCJpYXQiOjE3ODEzNzQwMjcsImp0aSI6ImExMjAwZWEwODViMDRhNzA4MjY5MGRkOWYyYWJlN2I5IiwidXNlcl9pZCI6IjIifQ.YaN6SonA-2U9d-XzCZJEvRNMyXYZ7LX9nXF7QD9KB1Y HTTP/1.1" 200 1977
{"timestamp": "2026-06-13T18:32:04.035148Z", "level": "INFO", "logger": "utils.middleware", "message": "GET /api/dashboard/notifications/ -> 200", "request_id": "05c621ed", "user_id": 2, "duration_ms": 30}
[13/Jun/2026 22:02:04] "GET /api/dashboard/notifications/ HTTP/1.1" 200 5355
{"timestamp": "2026-06-13T18:32:06.082880Z", "level": "INFO", "logger": "utils.middleware", "message": "GET /api/medical-records/diagnosis_report_pdf/ -> 200", "request_id": "1429ce9a", "user_id": 1, "duration_ms": 83}
[13/Jun/2026 22:02:06] "GET /api/medical-records/diagnosis_report_pdf/ HTTP/1.1" 200 35377
{"timestamp": "2026-06-13T18:32:09.020116Z", "level": "INFO", "logger": "utils.middleware", "message": "GET /ws/appointments/ -> 200", "request_id": "0ef28c3f", "user_id": null, "duration_ms": 0}
[13/Jun/2026 22:02:09] "GET /ws/appointments/?token=eyJhbGciOiJIUzI1NiIsInR5cCI6IkpXVCJ9.eyJ0b2tlbl90eXBlIjoiYWNjZXNzIiwiZXhwIjoxNzgxNDAyODI3LCJpYXQiOjE3ODEzNzQwMjcsImp0aSI6ImExMjAwZWEwODViMDRhNzA4MjY5MGRkOWYyYWJlN2I5IiwidXNlcl9pZCI6IjIifQ.YaN6SonA-2U9d-XzCZJEvRNMyXYZ7LX9nXF7QD9KB1Y HTTP/1.1" 200 1977
{"timestamp": "2026-06-13T18:32:15.037461Z", "level": "INFO", "logger": "utils.middleware", "message": "GET /ws/appointments/ -> 200", "request_id": "55f48054", "user_id": null, "duration_ms": 0}
[13/Jun/2026 22:02:15] "GET /ws/appointments/?token=eyJhbGciOiJIUzI1NiIsInR5cCI6IkpXVCJ9.eyJ0b2tlbl90eXBlIjoiYWNjZXNzIiwiZXhwIjoxNzgxNDAyODI3LCJpYXQiOjE3ODEzNzQwMjcsImp0aSI6ImExMjAwZWEwODViMDRhNzA4MjY5MGRkOWYyYWJlN2I5IiwidXNlcl9pZCI6IjIifQ.YaN6SonA-2U9d-XzCZJEvRNMyXYZ7LX9nXF7QD9KB1Y HTTP/1.1" 200 1977
{"timestamp": "2026-06-13T18:32:20.719634Z", "level": "INFO", "logger": "utils.middleware", "message": "GET /ws/appointments/ -> 200", "request_id": "4e534b73", "user_id": null, "duration_ms": 0}
[13/Jun/2026 22:02:20] "GET /ws/appointments/?token=eyJhbGciOiJIUzI1NiIsInR5cCI6IkpXVCJ9.eyJ0b2tlbl90eXBlIjoiYWNjZXNzIiwiZXhwIjoxNzgxNDAyODI3LCJpYXQiOjE3ODEzNzQwMjcsImp0aSI6ImExMjAwZWEwODViMDRhNzA4MjY5MGRkOWYyYWJlN2I5IiwidXNlcl9pZCI6IjIifQ.YaN6SonA-2U9d-XzCZJEvRNMyXYZ7LX9nXF7QD9KB1Y HTTP/1.1" 200 1977
{"timestamp": "2026-06-13T18:32:26.047047Z", "level": "INFO", "logger": "utils.middleware", "message": "GET /ws/appointments/ -> 200", "request_id": "efb5e524", "user_id": null, "duration_ms": 0}
[13/Jun/2026 22:02:26] "GET /ws/appointments/?token=eyJhbGciOiJIUzI1NiIsInR5cCI6IkpXVCJ9.eyJ0b2tlbl90eXBlIjoiYWNjZXNzIiwiZXhwIjoxNzgxNDAyODI3LCJpYXQiOjE3ODEzNzQwMjcsImp0aSI6ImExMjAwZWEwODViMDRhNzA4MjY5MGRkOWYyYWJlN2I5IiwidXNlcl9pZCI6IjIifQ.YaN6SonA-2U9d-XzCZJEvRNMyXYZ7LX9nXF7QD9KB1Y HTTP/1.1" 200 1977
{"timestamp": "2026-06-13T18:32:32.056860Z", "level": "INFO", "logger": "utils.middleware", "message": "GET /ws/appointments/ -> 200", "request_id": "a2b423e9", "user_id": null, "duration_ms": 0}
[13/Jun/2026 22:02:32] "GET /ws/appointments/?token=eyJhbGciOiJIUzI1NiIsInR5cCI6IkpXVCJ9.eyJ0b2tlbl90eXBlIjoiYWNjZXNzIiwiZXhwIjoxNzgxNDAyODI3LCJpYXQiOjE3ODEzNzQwMjcsImp0aSI6ImExMjAwZWEwODViMDRhNzA4MjY5MGRkOWYyYWJlN2I5IiwidXNlcl9pZCI6IjIifQ.YaN6SonA-2U9d-XzCZJEvRNMyXYZ7LX9nXF7QD9KB1Y HTTP/1.1" 200 1977
{"timestamp": "2026-06-13T18:32:34.035891Z", "level": "INFO", "logger": "utils.middleware", "message": "GET /api/dashboard/notifications/ -> 200", "request_id": "875aa743", "user_id": 2, "duration_ms": 36}
[13/Jun/2026 22:02:34] "GET /api/dashboard/notifications/ HTTP/1.1" 200 5355
{"timestamp": "2026-06-13T18:32:38.093652Z", "level": "INFO", "logger": "utils.middleware", "message": "GET /ws/appointments/ -> 200", "request_id": "c065e757", "user_id": null, "duration_ms": 0}
[13/Jun/2026 22:02:38] "GET /ws/appointments/?token=eyJhbGciOiJIUzI1NiIsInR5cCI6IkpXVCJ9.eyJ0b2tlbl90eXBlIjoiYWNjZXNzIiwiZXhwIjoxNzgxNDAyODI3LCJpYXQiOjE3ODEzNzQwMjcsImp0aSI6ImExMjAwZWEwODViMDRhNzA4MjY5MGRkOWYyYWJlN2I5IiwidXNlcl9pZCI6IjIifQ.YaN6SonA-2U9d-XzCZJEvRNMyXYZ7LX9nXF7QD9KB1Y HTTP/1.1" 200 1977
{"timestamp": "2026-06-13T18:32:44.130626Z", "level": "INFO", "logger": "utils.middleware", "message": "GET /ws/appointments/ -> 200", "request_id": "506bc8d9", "user_id": null, "duration_ms": 1}
[13/Jun/2026 22:02:44] "GET /ws/appointments/?token=eyJhbGciOiJIUzI1NiIsInR5cCI6IkpXVCJ9.eyJ0b2tlbl90eXBlIjoiYWNjZXNzIiwiZXhwIjoxNzgxNDAyODI3LCJpYXQiOjE3ODEzNzQwMjcsImp0aSI6ImExMjAwZWEwODViMDRhNzA4MjY5MGRkOWYyYWJlN2I5IiwidXNlcl9pZCI6IjIifQ.YaN6SonA-2U9d-XzCZJEvRNMyXYZ7LX9nXF7QD9KB1Y HTTP/1.1" 200 1977
{"timestamp": "2026-06-13T18:32:50.149561Z", "level": "INFO", "logger": "utils.middleware", "message": "GET /ws/appointments/ -> 200", "request_id": "7b5f0d8d", "user_id": null, "duration_ms": 1}
[13/Jun/2026 22:02:50] "GET /ws/appointments/?token=eyJhbGciOiJIUzI1NiIsInR5cCI6IkpXVCJ9.eyJ0b2tlbl90eXBlIjoiYWNjZXNzIiwiZXhwIjoxNzgxNDAyODI3LCJpYXQiOjE3ODEzNzQwMjcsImp0aSI6ImExMjAwZWEwODViMDRhNzA4MjY5MGRkOWYyYWJlN2I5IiwidXNlcl9pZCI6IjIifQ.YaN6SonA-2U9d-XzCZJEvRNMyXYZ7LX9nXF7QD9KB1Y HTTP/1.1" 200 1977
{"timestamp": "2026-06-13T18:32:56.222039Z", "level": "INFO", "logger": "utils.middleware", "message": "GET /ws/appointments/ -> 200", "request_id": "2a43a9d7", "user_id": null, "duration_ms": 0}
[13/Jun/2026 22:02:56] "GET /ws/appointments/?token=eyJhbGciOiJIUzI1NiIsInR5cCI6IkpXVCJ9.eyJ0b2tlbl90eXBlIjoiYWNjZXNzIiwiZXhwIjoxNzgxNDAyODI3LCJpYXQiOjE3ODEzNzQwMjcsImp0aSI6ImExMjAwZWEwODViMDRhNzA4MjY5MGRkOWYyYWJlN2I5IiwidXNlcl9pZCI6IjIifQ.YaN6SonA-2U9d-XzCZJEvRNMyXYZ7LX9nXF7QD9KB1Y HTTP/1.1" 200 1977
{"timestamp": "2026-06-13T18:33:02.627825Z", "level": "INFO", "logger": "utils.middleware", "message": "GET /ws/appointments/ -> 200", "request_id": "dfb70f4e", "user_id": null, "duration_ms": 1}
[13/Jun/2026 22:03:02] "GET /ws/appointments/?token=eyJhbGciOiJIUzI1NiIsInR5cCI6IkpXVCJ9.eyJ0b2tlbl90eXBlIjoiYWNjZXNzIiwiZXhwIjoxNzgxNDAyODI3LCJpYXQiOjE3ODEzNzQwMjcsImp0aSI6ImExMjAwZWEwODViMDRhNzA4MjY5MGRkOWYyYWJlN2I5IiwidXNlcl9pZCI6IjIifQ.YaN6SonA-2U9d-XzCZJEvRNMyXYZ7LX9nXF7QD9KB1Y HTTP/1.1" 200 1977
{"timestamp": "2026-06-13T18:33:04.160365Z", "level": "INFO", "logger": "utils.middleware", "message": "GET /api/dashboard/notifications/ -> 200", "request_id": "266e7196", "user_id": 2, "duration_ms": 34}
[13/Jun/2026 22:03:04] "GET /api/dashboard/notifications/ HTTP/1.1" 200 5355
{"timestamp": "2026-06-13T18:33:08.170036Z", "level": "INFO", "logger": "utils.middleware", "message": "GET /ws/appointments/ -> 200", "request_id": "2d9818b5", "user_id": null, "duration_ms": 0}
[13/Jun/2026 22:03:08] "GET /ws/appointments/?token=eyJhbGciOiJIUzI1NiIsInR5cCI6IkpXVCJ9.eyJ0b2tlbl90eXBlIjoiYWNjZXNzIiwiZXhwIjoxNzgxNDAyODI3LCJpYXQiOjE3ODEzNzQwMjcsImp0aSI6ImExMjAwZWEwODViMDRhNzA4MjY5MGRkOWYyYWJlN2I5IiwidXNlcl9pZCI6IjIifQ.YaN6SonA-2U9d-XzCZJEvRNMyXYZ7LX9nXF7QD9KB1Y HTTP/1.1" 200 1977
{"timestamp": "2026-06-13T18:33:14.872101Z", "level": "INFO", "logger": "utils.middleware", "message": "GET /ws/appointments/ -> 200", "request_id": "f598aaf7", "user_id": null, "duration_ms": 0}
[13/Jun/2026 22:03:14] "GET /ws/appointments/?token=eyJhbGciOiJIUzI1NiIsInR5cCI6IkpXVCJ9.eyJ0b2tlbl90eXBlIjoiYWNjZXNzIiwiZXhwIjoxNzgxNDAyODI3LCJpYXQiOjE3ODEzNzQwMjcsImp0aSI6ImExMjAwZWEwODViMDRhNzA4MjY5MGRkOWYyYWJlN2I5IiwidXNlcl9pZCI6IjIifQ.YaN6SonA-2U9d-XzCZJEvRNMyXYZ7LX9nXF7QD9KB1Y HTTP/1.1" 200 1977
{"timestamp": "2026-06-13T18:33:20.831744Z", "level": "INFO", "logger": "utils.middleware", "message": "GET /ws/appointments/ -> 200", "request_id": "9433c42f", "user_id": null, "duration_ms": 0}
[13/Jun/2026 22:03:20] "GET /ws/appointments/?token=eyJhbGciOiJIUzI1NiIsInR5cCI6IkpXVCJ9.eyJ0b2tlbl90eXBlIjoiYWNjZXNzIiwiZXhwIjoxNzgxNDAyODI3LCJpYXQiOjE3ODEzNzQwMjcsImp0aSI6ImExMjAwZWEwODViMDRhNzA4MjY5MGRkOWYyYWJlN2I5IiwidXNlcl9pZCI6IjIifQ.YaN6SonA-2U9d-XzCZJEvRNMyXYZ7LX9nXF7QD9KB1Y HTTP/1.1" 200 1977
{"timestamp": "2026-06-13T18:33:28.426054Z", "level": "INFO", "logger": "utils.middleware", "message": "GET /ws/appointments/ -> 200", "request_id": "dfe6f9fd", "user_id": null, "duration_ms": 0}
[13/Jun/2026 22:03:28] "GET /ws/appointments/?token=eyJhbGciOiJIUzI1NiIsInR5cCI6IkpXVCJ9.eyJ0b2tlbl90eXBlIjoiYWNjZXNzIiwiZXhwIjoxNzgxNDAyODI3LCJpYXQiOjE3ODEzNzQwMjcsImp0aSI6ImExMjAwZWEwODViMDRhNzA4MjY5MGRkOWYyYWJlN2I5IiwidXNlcl9pZCI6IjIifQ.YaN6SonA-2U9d-XzCZJEvRNMyXYZ7LX9nXF7QD9KB1Y HTTP/1.1" 200 1977
{"timestamp": "2026-06-13T18:33:34.047251Z", "level": "INFO", "logger": "utils.middleware", "message": "GET /api/dashboard/notifications/ -> 200", "request_id": "0eff90cc", "user_id": 2, "duration_ms": 30}
[13/Jun/2026 22:03:34] "GET /api/dashboard/notifications/ HTTP/1.1" 200 5355
{"timestamp": "2026-06-13T18:33:35.758625Z", "level": "INFO", "logger": "utils.middleware", "message": "GET /ws/appointments/ -> 200", "request_id": "ee1e39f3", "user_id": null, "duration_ms": 1}
[13/Jun/2026 22:03:35] "GET /ws/appointments/?token=eyJhbGciOiJIUzI1NiIsInR5cCI6IkpXVCJ9.eyJ0b2tlbl90eXBlIjoiYWNjZXNzIiwiZXhwIjoxNzgxNDAyODI3LCJpYXQiOjE3ODEzNzQwMjcsImp0aSI6ImExMjAwZWEwODViMDRhNzA4MjY5MGRkOWYyYWJlN2I5IiwidXNlcl9pZCI6IjIifQ.YaN6SonA-2U9d-XzCZJEvRNMyXYZ7LX9nXF7QD9KB1Y HTTP/1.1" 200 1977
{"timestamp": "2026-06-13T18:33:42.229727Z", "level": "INFO", "logger": "utils.middleware", "message": "GET /ws/appointments/ -> 200", "request_id": "a7c0adc3", "user_id": null, "duration_ms": 0}
[13/Jun/2026 22:03:42] "GET /ws/appointments/?token=eyJhbGciOiJIUzI1NiIsInR5cCI6IkpXVCJ9.eyJ0b2tlbl90eXBlIjoiYWNjZXNzIiwiZXhwIjoxNzgxNDAyODI3LCJpYXQiOjE3ODEzNzQwMjcsImp0aSI6ImExMjAwZWEwODViMDRhNzA4MjY5MGRkOWYyYWJlN2I5IiwidXNlcl9pZCI6IjIifQ.YaN6SonA-2U9d-XzCZJEvRNMyXYZ7LX9nXF7QD9KB1Y HTTP/1.1" 200 1977
{"timestamp": "2026-06-13T18:33:49.810313Z", "level": "INFO", "logger": "utils.middleware", "message": "GET /ws/appointments/ -> 200", "request_id": "c202af7c", "user_id": null, "duration_ms": 0}
[13/Jun/2026 22:03:49] "GET /ws/appointments/?token=eyJhbGciOiJIUzI1NiIsInR5cCI6IkpXVCJ9.eyJ0b2tlbl90eXBlIjoiYWNjZXNzIiwiZXhwIjoxNzgxNDAyODI3LCJpYXQiOjE3ODEzNzQwMjcsImp0aSI6ImExMjAwZWEwODViMDRhNzA4MjY5MGRkOWYyYWJlN2I5IiwidXNlcl9pZCI6IjIifQ.YaN6SonA-2U9d-XzCZJEvRNMyXYZ7LX9nXF7QD9KB1Y HTTP/1.1" 200 1977
{"timestamp": "2026-06-13T18:33:59.477621Z", "level": "INFO", "logger": "utils.middleware", "message": "GET /ws/appointments/ -> 200", "request_id": "1e352471", "user_id": null, "duration_ms": 0}
[13/Jun/2026 22:03:59] "GET /ws/appointments/?token=eyJhbGciOiJIUzI1NiIsInR5cCI6IkpXVCJ9.eyJ0b2tlbl90eXBlIjoiYWNjZXNzIiwiZXhwIjoxNzgxNDAyODI3LCJpYXQiOjE3ODEzNzQwMjcsImp0aSI6ImExMjAwZWEwODViMDRhNzA4MjY5MGRkOWYyYWJlN2I5IiwidXNlcl9pZCI6IjIifQ.YaN6SonA-2U9d-XzCZJEvRNMyXYZ7LX9nXF7QD9KB1Y HTTP/1.1" 200 1977
{"timestamp": "2026-06-13T18:34:07.684171Z", "level": "INFO", "logger": "utils.middleware", "message": "GET /ws/appointments/ -> 200", "request_id": "c055de43", "user_id": null, "duration_ms": 0}
[13/Jun/2026 22:04:07] "GET /ws/appointments/?token=eyJhbGciOiJIUzI1NiIsInR5cCI6IkpXVCJ9.eyJ0b2tlbl90eXBlIjoiYWNjZXNzIiwiZXhwIjoxNzgxNDAyODI3LCJpYXQiOjE3ODEzNzQwMjcsImp0aSI6ImExMjAwZWEwODViMDRhNzA4MjY5MGRkOWYyYWJlN2I5IiwidXNlcl9pZCI6IjIifQ.YaN6SonA-2U9d-XzCZJEvRNMyXYZ7LX9nXF7QD9KB1Y HTTP/1.1" 200 1977
{"timestamp": "2026-06-13T18:34:15.003925Z", "level": "INFO", "logger": "utils.middleware", "message": "GET /ws/appointments/ -> 200", "request_id": "cf0f7ddc", "user_id": null, "duration_ms": 0}
[13/Jun/2026 22:04:15] "GET /ws/appointments/?token=eyJhbGciOiJIUzI1NiIsInR5cCI6IkpXVCJ9.eyJ0b2tlbl90eXBlIjoiYWNjZXNzIiwiZXhwIjoxNzgxNDAyODI3LCJpYXQiOjE3ODEzNzQwMjcsImp0aSI6ImExMjAwZWEwODViMDRhNzA4MjY5MGRkOWYyYWJlN2I5IiwidXNlcl9pZCI6IjIifQ.YaN6SonA-2U9d-XzCZJEvRNMyXYZ7LX9nXF7QD9KB1Y HTTP/1.1" 200 1977
{"timestamp": "2026-06-13T18:34:24.719906Z", "level": "INFO", "logger": "utils.middleware", "message": "GET /ws/appointments/ -> 200", "request_id": "14ec38c5", "user_id": null, "duration_ms": 0}
[13/Jun/2026 22:04:24] "GET /ws/appointments/?token=eyJhbGciOiJIUzI1NiIsInR5cCI6IkpXVCJ9.eyJ0b2tlbl90eXBlIjoiYWNjZXNzIiwiZXhwIjoxNzgxNDAyODI3LCJpYXQiOjE3ODEzNzQwMjcsImp0aSI6ImExMjAwZWEwODViMDRhNzA4MjY5MGRkOWYyYWJlN2I5IiwidXNlcl9pZCI6IjIifQ.YaN6SonA-2U9d-XzCZJEvRNMyXYZ7LX9nXF7QD9KB1Y HTTP/1.1" 200 1977
{"timestamp": "2026-06-13T18:34:31.056778Z", "level": "INFO", "logger": "utils.middleware", "message": "GET /ws/appointments/ -> 200", "request_id": "14bc3edb", "user_id": null, "duration_ms": 0}
[13/Jun/2026 22:04:31] "GET /ws/appointments/?token=eyJhbGciOiJIUzI1NiIsInR5cCI6IkpXVCJ9.eyJ0b2tlbl90eXBlIjoiYWNjZXNzIiwiZXhwIjoxNzgxNDAyODI3LCJpYXQiOjE3ODEzNzQwMjcsImp0aSI6ImExMjAwZWEwODViMDRhNzA4MjY5MGRkOWYyYWJlN2I5IiwidXNlcl9pZCI6IjIifQ.YaN6SonA-2U9d-XzCZJEvRNMyXYZ7LX9nXF7QD9KB1Y HTTP/1.1" 200 1977
{"timestamp": "2026-06-13T18:34:37.002002Z", "level": "INFO", "logger": "utils.middleware", "message": "GET /ws/appointments/ -> 200", "request_id": "a6ef4588", "user_id": null, "duration_ms": 0}
[13/Jun/2026 22:04:37] "GET /ws/appointments/?token=eyJhbGciOiJIUzI1NiIsInR5cCI6IkpXVCJ9.eyJ0b2tlbl90eXBlIjoiYWNjZXNzIiwiZXhwIjoxNzgxNDAyODI3LCJpYXQiOjE3ODEzNzQwMjcsImp0aSI6ImExMjAwZWEwODViMDRhNzA4MjY5MGRkOWYyYWJlN2I5IiwidXNlcl9pZCI6IjIifQ.YaN6SonA-2U9d-XzCZJEvRNMyXYZ7LX9nXF7QD9KB1Y HTTP/1.1" 200 1977
{"timestamp": "2026-06-13T18:34:43.002676Z", "level": "INFO", "logger": "utils.middleware", "message": "GET /ws/appointments/ -> 200", "request_id": "500f404c", "user_id": null, "duration_ms": 0}
[13/Jun/2026 22:04:43] "GET /ws/appointments/?token=eyJhbGciOiJIUzI1NiIsInR5cCI6IkpXVCJ9.eyJ0b2tlbl90eXBlIjoiYWNjZXNzIiwiZXhwIjoxNzgxNDAyODI3LCJpYXQiOjE3ODEzNzQwMjcsImp0aSI6ImExMjAwZWEwODViMDRhNzA4MjY5MGRkOWYyYWJlN2I5IiwidXNlcl9pZCI6IjIifQ.YaN6SonA-2U9d-XzCZJEvRNMyXYZ7LX9nXF7QD9KB1Y HTTP/1.1" 200 1977
{"timestamp": "2026-06-13T18:34:49.009280Z", "level": "INFO", "logger": "utils.middleware", "message": "GET /ws/appointments/ -> 200", "request_id": "9ba0a6aa", "user_id": null, "duration_ms": 1}
[13/Jun/2026 22:04:49] "GET /ws/appointments/?token=eyJhbGciOiJIUzI1NiIsInR5cCI6IkpXVCJ9.eyJ0b2tlbl90eXBlIjoiYWNjZXNzIiwiZXhwIjoxNzgxNDAyODI3LCJpYXQiOjE3ODEzNzQwMjcsImp0aSI6ImExMjAwZWEwODViMDRhNzA4MjY5MGRkOWYyYWJlN2I5IiwidXNlcl9pZCI6IjIifQ.YaN6SonA-2U9d-XzCZJEvRNMyXYZ7LX9nXF7QD9KB1Y HTTP/1.1" 200 1977
{"timestamp": "2026-06-13T18:34:52.046456Z", "level": "INFO", "logger": "utils.middleware", "message": "GET /api/dashboard/notifications/ -> 200", "request_id": "485362ff", "user_id": 2, "duration_ms": 39}
[13/Jun/2026 22:04:52] "GET /api/dashboard/notifications/ HTTP/1.1" 200 5355
{"timestamp": "2026-06-13T18:34:55.007316Z", "level": "INFO", "logger": "utils.middleware", "message": "GET /ws/appointments/ -> 200", "request_id": "9e5a0f45", "user_id": null, "duration_ms": 1}
[13/Jun/2026 22:04:55] "GET /ws/appointments/?token=eyJhbGciOiJIUzI1NiIsInR5cCI6IkpXVCJ9.eyJ0b2tlbl90eXBlIjoiYWNjZXNzIiwiZXhwIjoxNzgxNDAyODI3LCJpYXQiOjE3ODEzNzQwMjcsImp0aSI6ImExMjAwZWEwODViMDRhNzA4MjY5MGRkOWYyYWJlN2I5IiwidXNlcl9pZCI6IjIifQ.YaN6SonA-2U9d-XzCZJEvRNMyXYZ7LX9nXF7QD9KB1Y HTTP/1.1" 200 1977
{"timestamp": "2026-06-13T18:35:01.024210Z", "level": "INFO", "logger": "utils.middleware", "message": "GET /ws/appointments/ -> 200", "request_id": "37857b4f", "user_id": null, "duration_ms": 1}
[13/Jun/2026 22:05:01] "GET /ws/appointments/?token=eyJhbGciOiJIUzI1NiIsInR5cCI6IkpXVCJ9.eyJ0b2tlbl90eXBlIjoiYWNjZXNzIiwiZXhwIjoxNzgxNDAyODI3LCJpYXQiOjE3ODEzNzQwMjcsImp0aSI6ImExMjAwZWEwODViMDRhNzA4MjY5MGRkOWYyYWJlN2I5IiwidXNlcl9pZCI6IjIifQ.YaN6SonA-2U9d-XzCZJEvRNMyXYZ7LX9nXF7QD9KB1Y HTTP/1.1" 200 1977
{"timestamp": "2026-06-13T18:35:07.012503Z", "level": "INFO", "logger": "utils.middleware", "message": "GET /ws/appointments/ -> 200", "request_id": "4fd09678", "user_id": null, "duration_ms": 0}
[13/Jun/2026 22:05:07] "GET /ws/appointments/?token=eyJhbGciOiJIUzI1NiIsInR5cCI6IkpXVCJ9.eyJ0b2tlbl90eXBlIjoiYWNjZXNzIiwiZXhwIjoxNzgxNDAyODI3LCJpYXQiOjE3ODEzNzQwMjcsImp0aSI6ImExMjAwZWEwODViMDRhNzA4MjY5MGRkOWYyYWJlN2I5IiwidXNlcl9pZCI6IjIifQ.YaN6SonA-2U9d-XzCZJEvRNMyXYZ7LX9nXF7QD9KB1Y HTTP/1.1" 200 1977
{"timestamp": "2026-06-13T18:35:13.031710Z", "level": "INFO", "logger": "utils.middleware", "message": "GET /ws/appointments/ -> 200", "request_id": "db6c8144", "user_id": null, "duration_ms": 0}
[13/Jun/2026 22:05:13] "GET /ws/appointments/?token=eyJhbGciOiJIUzI1NiIsInR5cCI6IkpXVCJ9.eyJ0b2tlbl90eXBlIjoiYWNjZXNzIiwiZXhwIjoxNzgxNDAyODI3LCJpYXQiOjE3ODEzNzQwMjcsImp0aSI6ImExMjAwZWEwODViMDRhNzA4MjY5MGRkOWYyYWJlN2I5IiwidXNlcl9pZCI6IjIifQ.YaN6SonA-2U9d-XzCZJEvRNMyXYZ7LX9nXF7QD9KB1Y HTTP/1.1" 200 1977
{"timestamp": "2026-06-13T18:35:19.016615Z", "level": "INFO", "logger": "utils.middleware", "message": "GET /ws/appointments/ -> 200", "request_id": "17db6e7e", "user_id": null, "duration_ms": 1}
[13/Jun/2026 22:05:19] "GET /ws/appointments/?token=eyJhbGciOiJIUzI1NiIsInR5cCI6IkpXVCJ9.eyJ0b2tlbl90eXBlIjoiYWNjZXNzIiwiZXhwIjoxNzgxNDAyODI3LCJpYXQiOjE3ODEzNzQwMjcsImp0aSI6ImExMjAwZWEwODViMDRhNzA4MjY5MGRkOWYyYWJlN2I5IiwidXNlcl9pZCI6IjIifQ.YaN6SonA-2U9d-XzCZJEvRNMyXYZ7LX9nXF7QD9KB1Y HTTP/1.1" 200 1977
{"timestamp": "2026-06-13T18:35:25.029959Z", "level": "INFO", "logger": "utils.middleware", "message": "GET /ws/appointments/ -> 200", "request_id": "fd163fe2", "user_id": null, "duration_ms": 0}
[13/Jun/2026 22:05:25] "GET /ws/appointments/?token=eyJhbGciOiJIUzI1NiIsInR5cCI6IkpXVCJ9.eyJ0b2tlbl90eXBlIjoiYWNjZXNzIiwiZXhwIjoxNzgxNDAyODI3LCJpYXQiOjE3ODEzNzQwMjcsImp0aSI6ImExMjAwZWEwODViMDRhNzA4MjY5MGRkOWYyYWJlN2I5IiwidXNlcl9pZCI6IjIifQ.YaN6SonA-2U9d-XzCZJEvRNMyXYZ7LX9nXF7QD9KB1Y HTTP/1.1" 200 1977
{"timestamp": "2026-06-13T18:35:31.018459Z", "level": "INFO", "logger": "utils.middleware", "message": "GET /ws/appointments/ -> 200", "request_id": "138a9aac", "user_id": null, "duration_ms": 0}
[13/Jun/2026 22:05:31] "GET /ws/appointments/?token=eyJhbGciOiJIUzI1NiIsInR5cCI6IkpXVCJ9.eyJ0b2tlbl90eXBlIjoiYWNjZXNzIiwiZXhwIjoxNzgxNDAyODI3LCJpYXQiOjE3ODEzNzQwMjcsImp0aSI6ImExMjAwZWEwODViMDRhNzA4MjY5MGRkOWYyYWJlN2I5IiwidXNlcl9pZCI6IjIifQ.YaN6SonA-2U9d-XzCZJEvRNMyXYZ7LX9nXF7QD9KB1Y HTTP/1.1" 200 1977
{"timestamp": "2026-06-13T18:35:37.031663Z", "level": "INFO", "logger": "utils.middleware", "message": "GET /ws/appointments/ -> 200", "request_id": "f7fc8e6b", "user_id": null, "duration_ms": 1}
[13/Jun/2026 22:05:37] "GET /ws/appointments/?token=eyJhbGciOiJIUzI1NiIsInR5cCI6IkpXVCJ9.eyJ0b2tlbl90eXBlIjoiYWNjZXNzIiwiZXhwIjoxNzgxNDAyODI3LCJpYXQiOjE3ODEzNzQwMjcsImp0aSI6ImExMjAwZWEwODViMDRhNzA4MjY5MGRkOWYyYWJlN2I5IiwidXNlcl9pZCI6IjIifQ.YaN6SonA-2U9d-XzCZJEvRNMyXYZ7LX9nXF7QD9KB1Y HTTP/1.1" 200 1977
{"timestamp": "2026-06-13T18:35:43.097145Z", "level": "INFO", "logger": "utils.middleware", "message": "GET /ws/appointments/ -> 200", "request_id": "1087394a", "user_id": null, "duration_ms": 0}
[13/Jun/2026 22:05:43] "GET /ws/appointments/?token=eyJhbGciOiJIUzI1NiIsInR5cCI6IkpXVCJ9.eyJ0b2tlbl90eXBlIjoiYWNjZXNzIiwiZXhwIjoxNzgxNDAyODI3LCJpYXQiOjE3ODEzNzQwMjcsImp0aSI6ImExMjAwZWEwODViMDRhNzA4MjY5MGRkOWYyYWJlN2I5IiwidXNlcl9pZCI6IjIifQ.YaN6SonA-2U9d-XzCZJEvRNMyXYZ7LX9nXF7QD9KB1Y HTTP/1.1" 200 1977
{"timestamp": "2026-06-13T18:35:49.226718Z", "level": "INFO", "logger": "utils.middleware", "message": "GET /ws/appointments/ -> 200", "request_id": "8942ba18", "user_id": null, "duration_ms": 0}
[13/Jun/2026 22:05:49] "GET /ws/appointments/?token=eyJhbGciOiJIUzI1NiIsInR5cCI6IkpXVCJ9.eyJ0b2tlbl90eXBlIjoiYWNjZXNzIiwiZXhwIjoxNzgxNDAyODI3LCJpYXQiOjE3ODEzNzQwMjcsImp0aSI6ImExMjAwZWEwODViMDRhNzA4MjY5MGRkOWYyYWJlN2I5IiwidXNlcl9pZCI6IjIifQ.YaN6SonA-2U9d-XzCZJEvRNMyXYZ7LX9nXF7QD9KB1Y HTTP/1.1" 200 1977
{"timestamp": "2026-06-13T18:35:52.031527Z", "level": "INFO", "logger": "utils.middleware", "message": "GET /api/dashboard/notifications/ -> 200", "request_id": "7274e8b1", "user_id": 2, "duration_ms": 31}
[13/Jun/2026 22:05:52] "GET /api/dashboard/notifications/ HTTP/1.1" 200 5355
{"timestamp": "2026-06-13T18:35:55.286962Z", "level": "INFO", "logger": "utils.middleware", "message": "GET /ws/appointments/ -> 200", "request_id": "a95c3772", "user_id": null, "duration_ms": 0}
[13/Jun/2026 22:05:55] "GET /ws/appointments/?token=eyJhbGciOiJIUzI1NiIsInR5cCI6IkpXVCJ9.eyJ0b2tlbl90eXBlIjoiYWNjZXNzIiwiZXhwIjoxNzgxNDAyODI3LCJpYXQiOjE3ODEzNzQwMjcsImp0aSI6ImExMjAwZWEwODViMDRhNzA4MjY5MGRkOWYyYWJlN2I5IiwidXNlcl9pZCI6IjIifQ.YaN6SonA-2U9d-XzCZJEvRNMyXYZ7LX9nXF7QD9KB1Y HTTP/1.1" 200 1977
{"timestamp": "2026-06-13T18:36:01.711722Z", "level": "INFO", "logger": "utils.middleware", "message": "GET /ws/appointments/ -> 200", "request_id": "681cb646", "user_id": null, "duration_ms": 0}
[13/Jun/2026 22:06:01] "GET /ws/appointments/?token=eyJhbGciOiJIUzI1NiIsInR5cCI6IkpXVCJ9.eyJ0b2tlbl90eXBlIjoiYWNjZXNzIiwiZXhwIjoxNzgxNDAyODI3LCJpYXQiOjE3ODEzNzQwMjcsImp0aSI6ImExMjAwZWEwODViMDRhNzA4MjY5MGRkOWYyYWJlN2I5IiwidXNlcl9pZCI6IjIifQ.YaN6SonA-2U9d-XzCZJEvRNMyXYZ7LX9nXF7QD9KB1Y HTTP/1.1" 200 1977
{"timestamp": "2026-06-13T18:36:07.865495Z", "level": "INFO", "logger": "utils.middleware", "message": "GET /ws/appointments/ -> 200", "request_id": "6127dd58", "user_id": null, "duration_ms": 0}
[13/Jun/2026 22:06:07] "GET /ws/appointments/?token=eyJhbGciOiJIUzI1NiIsInR5cCI6IkpXVCJ9.eyJ0b2tlbl90eXBlIjoiYWNjZXNzIiwiZXhwIjoxNzgxNDAyODI3LCJpYXQiOjE3ODEzNzQwMjcsImp0aSI6ImExMjAwZWEwODViMDRhNzA4MjY5MGRkOWYyYWJlN2I5IiwidXNlcl9pZCI6IjIifQ.YaN6SonA-2U9d-XzCZJEvRNMyXYZ7LX9nXF7QD9KB1Y HTTP/1.1" 200 1977
{"timestamp": "2026-06-13T18:36:17.777830Z", "level": "INFO", "logger": "utils.middleware", "message": "GET /ws/appointments/ -> 200", "request_id": "c19f7ae0", "user_id": null, "duration_ms": 0}
[13/Jun/2026 22:06:17] "GET /ws/appointments/?token=eyJhbGciOiJIUzI1NiIsInR5cCI6IkpXVCJ9.eyJ0b2tlbl90eXBlIjoiYWNjZXNzIiwiZXhwIjoxNzgxNDAyODI3LCJpYXQiOjE3ODEzNzQwMjcsImp0aSI6ImExMjAwZWEwODViMDRhNzA4MjY5MGRkOWYyYWJlN2I5IiwidXNlcl9pZCI6IjIifQ.YaN6SonA-2U9d-XzCZJEvRNMyXYZ7LX9nXF7QD9KB1Y HTTP/1.1" 200 1977
